src/lib/engine/backtester.ts(47,54): error TS2459: Module '"./evaluator"' declares 'calculateNoveltyBonus' locally, but it is not exported.
src/lib/engine/backtester.ts(758,9): error TS2322: Type 'RegimeAnalysis' is not assignable to type 'MarketRegime | null'.
